   0.00000e+00   1.00000e+00   1.00000e+00   9.50000e-01   1.05000e+00
   1.00000e-01  -6.48937e-03   6.48985e-02   1.02226e-01   2.94117e-01
   2.00000e-01  -4.93177e-03   9.95953e-03   8.36731e-02   2.84112e-01
   3.00000e-01  -3.44653e-03   3.93761e-03   2.95170e-02   3.35838e-01
   4.00000e-01  -4.96849e-01   4.96896e-01  -1.85324e+00   2.21835e+00
