   0.00000e+00   1.00000e+00   1.00000e+00   9.50000e-01   1.05000e+00
