   0.00000e+00   1.00000e+00   1.00000e+00   9.50000e-01   1.05000e+00
   1.00000e-01  -5.56663e-02   1.13900e-01  -6.26420e-03   4.02434e-01
