   0.00000e+00   1.00000e+00   1.00000e+00   9.50000e-01   1.05000e+00
   1.00000e-01  -1.03776e-02   6.87551e-02   9.26069e-02   3.03707e-01
   2.00000e-01  -3.27352e-02   3.77457e-02  -6.40124e-02   4.31766e-01
