   0.00000e+00   1.00000e+00   1.00000e+00   9.50000e-01   1.05000e+00   0.00000e+00   0.00000e+00   0.00000e+00   0.00000e+00
   1.00000e-02   3.41977e-01   6.69101e-01   3.67921e-01   7.08892e-01   2.77426e-01   5.80026e-01   2.52429e-02   4.04927e-02
   2.00000e-02   1.55778e-01   4.85644e-01   2.17773e-01   5.62470e-01   3.70880e-01   7.10057e-01   6.12167e-02   8.04127e-02
   3.00000e-02   4.24754e-02   3.96920e-01   1.20304e-01   5.13686e-01   3.65207e-01   8.06208e-01   7.10776e-02   1.23517e-01
   4.00000e-02  -9.19776e-02   4.05520e-01  -2.20868e-02   5.71513e-01   2.35739e-01   9.78951e-01   5.44092e-02   1.81474e-01
   5.00000e-02  -7.26311e-01   9.55819e-01  -7.28349e-01   1.22436e+00  -6.52450e-01   1.88993e+00  -9.56936e-02   3.62198e-01
